exports[`ComponentName should render initial layout 1`] = `
Array [
<div>
    <input
         type="number"
    />
</div>,
]
`;